

https://www.digitalocean.com/community/tutorials/how-to-install-mariadb-on-ubuntu-22-04

sudo apt install mariadb-server


index    |   address

one-to-many

index       |   block     |   trx   |   utxo

create table wallet ( aid int not null auto_increment primary key, addr char(80) not null unique );

bc1qywmcstl539vy0l8xg6wuuzek9esvzdt7gte2c5h9srkh7p70sndqux7wkn
123456789 123456789 123456789 123456789 123456789 123456789 123456789 123456789
         1         2         3         4         5         6         7         8

mysql> create table wallet ( aid int not null auto_increment primary key, addr char(80) not null unique );

mysql> describe table wallet;
+----+-------------+--------+------------+-------+---------------+------+---------+------+------+----------+-------------+
| id | select_type | table  | partitions | type  | possible_keys | key  | key_len | ref  | rows | filtered | Extra       |
+----+-------------+--------+------------+-------+---------------+------+---------+------+------+----------+-------------+
|  1 | SIMPLE      | wallet | NULL       | index | NULL          | addr | 280     | NULL |    1 |   100.00 | Using index |
+----+-------------+--------+------------+-------+---------------+------+---------+------+------+----------+-------------+
1 row in set, 1 warning (0.04 sec)

mysql> show tables;
+-------------------+
| Tables_in_blockdb |
+-------------------+
| wallet            |
+-------------------+
1 row in set (0.00 sec)

mysql> describe wallet;
+-------+----------+------+-----+---------+----------------+
| Field | Type     | Null | Key | Default | Extra          |
+-------+----------+------+-----+---------+----------------+
| id    | int      | NO   | PRI | NULL    | auto_increment |
| addr  | char(70) | NO   | UNI | NULL    |                |
+-------+----------+------+-----+---------+----------------+
2 rows in set (0.03 sec)

mysql> insert into wallet(addr) values('bc1qywmcstl539vy0l8xg6wuuzek9esvzdt7gte2c5h9srkh7p70sndqux7wkn');
Query OK, 1 row affected (0.16 sec)

mysql> select * from wallet;
+----+----------------------------------------------------------------+
| id | addr                                                           |
+----+----------------------------------------------------------------+
|  1 | bc1qywmcstl539vy0l8xg6wuuzek9esvzdt7gte2c5h9srkh7p70sndqux7wkn |
+----+----------------------------------------------------------------+
1 row in set (0.00 sec)

   aid  |  block   |   trxn   |

//https://www.digitalocean.com/community/tutorials/how-to-install-mysql-on-ubuntu-18-04

//https://www.a2hosting.com/kb/developer-corner/mysql/restricting-mysql-port-access
//https://phoenixnap.com/kb/mysql-remote-connection
# sudo iptables -A INPUT -p tcp --dport 3306 -j ACCEPT

//https://www.digitalocean.com/community/tutorials/how-to-create-a-new-user-and-grant-permissions-in-mysql
> create database blockdb;
> use blockdb;
> create table wallet ( aid int not null auto_increment primary key, addr char(80) not null unique );
> grant all privileges on blockdb.* to 'rsk'@'%';



$ mvn install:install-file -Dfile=mysql-connector-java-8.0.30.jar -DgroupId=mysql -DartifactId=mysql-connector-java -Dversion=8.0.30 -Dpackaging=jar

// the following command creates a directory, target/dependencies
// it includes the mysql file, mysql-connector-java-8.0.30.jar
// how to get it in the class path
$ mvn dependency:copy-dependencies



run characteristics
150ms delay between blocks led to 139894 address written.
500ms delay leads to what ..

tecmint.com/mytop-mysql-mariadb-database-performance-monitoring-in-linux



github.com/OpenHFT/Java-Thread-Affinity
javai.net/post/202204/java-thread-affinity


mariadb memory

mariadb> show status like 'thead%';


https://michael.bouvy.net/post/understanding-mysql-innodb-buffer-pool-size
select count(*) from information_schema.innodb_buffer_page;
+----------+
| count(*) |
+----------+
| 8112     |
+----------+


select
page_type as Page_Type,
sum(data_size)/1024/1024 as Size_in_MB
from information_schema.innodb_buffer_page
group by page_type
order by Size_in_MB desc;

+-------------------+--------------+
| Page_Type         | Size_in_MB   |
+-------------------+--------------+
| INDEX             | 109.057      |
| UNKNOWN           | 0.00000000   |
| TRX_SYSTEM        | 0.00000000   |
| SYSTEM            | 0.00000000   |
| FILE_SPACE_HEADER | 0.00000000   |
| IBUF_BITMAP       | 0.00000000   |
| EXTENT_DESCRIPTOR | 0.00000000   |
| ALLOCATED         | 0.00000000   |
| INODE             | 0.00000000   |
| BLOB              | 0.00000000   |
| UNDO_LOG          | 0.00000000   |
| IBUF_FREE_LIST    | 0.00000000   |
| IBUF_INDEX        | 0.00000000   |
+-------------------+--------------+

https://dev.mysql.com/doc/refman/8.0/en/innodb-buffer-pool-resize.html

$> mysqld --innodb-buffer-pool-size=8G --innodb-buffer-pool-instances=16



https://mariadb.com/kb/en/mariadb-memory-allocation/
If only using InnoDB, set innodb_buffer_pool_size to 70% of available RAM. 
(Plus key_buffer_size = 10M, small, but not zero.)




mariadb performance
https://stackoverflow.com/questions/45568020/how-to-fix-high-memory-usage-of-mariadb

my.cnf
[client]
port            = 3306
socket          = /var/run/mysqld/mysqld.sock

# Here is entries for some specific programs
# The following values assume you have at least 32M ram

# This was formally known as [safe_mysqld]. Both versions are currently parsed.
[mysqld_safe]
socket          = /var/run/mysqld/mysqld.sock
nice            = 0

[mysqld]
#performance_schema=ON
tmp_table_size=16M
max_heap_table_size=16M
skip-log-bin
#table_open_cache                =16384
#table_definition_cache          =16384

#
# * Basic Settings
#
user            = mysql
pid-file        = /var/run/mysqld/mysqld.pid
socket          = /var/run/mysqld/mysqld.sock
port            = 3306
basedir         = /usr
datadir         = /var/lib/mysql
tmpdir          = /tmp
lc_messages_dir = /usr/share/mysql
lc_messages     = en_US
skip-external-locking


#bind-address           = 127.0.0.1
#skip-networking


# SAFETY #
max_allowed_packet= 16M
max-connect-errors = 1000000
skip-name-resolve
#sql-mode = STRICT_TRANS_TABLES,ERROR_FOR_DIVISION_BY_ZERO,NO_AUTO_CREATE_USER,NO_AUTO_VALUE_ON_ZERO,NO_ENGINE_SUBSTITUTION,NO_ZERO_DATE,NO_ZERO_IN_DATE,ONLY_FULL_GROUP_BY

# CACHES AND LIMITS #
tmp-table-size                 = 32M
max-heap-table-size            = 32M
query-cache-type               = 0
query-cache-size               = 0
max-connections                = 500
thread-cache-size              = 50
open-files-limit               = 65535
table-definition-cache         = 1024
table-open-cache               = 2048


# LOGGING #
log_warnings            = 2
slow_query_log          =1
log-output              = TABLE
long_query_time = 5
log_slow_verbosity      = query_plan
log-error               =/var/log/mysql/system_error.err


# INNODB #
innodb-flush-method            = O_DIRECT
innodb-log-files-in-group      = 2
innodb-log-file-size           = 128M
innodb-flush-log-at-trx-commit = 1
innodb-file-per-table          = 1
innodb-buffer-pool-size        = 1720M

[mysqldump]
quick
quote-names
max_allowed_packet      = 16M

[mysql]
#no-auto-rehash # faster start of mysql but no tab completion

[isamchk]
key_buffer              = 16M